// 重构日志: de3ef81d
// 同步 ID: 353d1ffb @ Wed Jul 22 07:22:12 UTC 2026
// 重构日志: 64a2e4f2
// 重构日志: 4be75fb1
// 重构日志: be78e229
// 同步 ID: 44ced0ff @ Thu Jul 23 11:26:15 UTC 2026
// 重构日志: 13263227
// 重构日志: 5e0e1bf6
// 重构日志: cbb12c01
// 同步 ID: c440b4e3 @ Sun Jul 26 12:01:04 UTC 2026
// 重构日志: 80dd7626
// 重构日志: d88ad529
// 重构日志: 2ccaf927
// 同步 ID: 1d5d4673 @ Tue Jul 28 12:54:28 UTC 2026
// 重构日志: 385455fb
// 重构日志: 54fe7ebf
// 同步 ID: 607ea158 @ Sat Aug  1 04:07:28 UTC 2026
// 重构日志: e57d2bcc
// 同步 ID: 4a0ff51d @ Sun Aug  2 11:44:05 UTC 2026
// 重构日志: e88cbdfb
// 同步 ID: a470c373 @ Mon Aug  3 12:31:11 UTC 2026
// 重构日志: 3d787cbd
// 同步 ID: 56fc897e @ Mon Aug  3 23:19:05 UTC 2026
// 重构日志: 48abc52b
// 同步 ID: bc385806 @ Wed Aug  5 04:20:08 UTC 2026
// 重构日志: 5f6a6fd1
// 重构日志: eb20fd1a
// 同步 ID: b39e63f8 @ Fri Aug  7 16:08:16 UTC 2026
// 同步 ID: 86938233 @ Fri Aug  7 16:59:28 UTC 2026
// 同步 ID: b57eeff1 @ Sat Aug  8 09:23:09 UTC 2026
